// Jest Snapshot v1, https://goo.gl/fbAQLP

exports[`PhotoList is rendering matches snapsnot 1`] = `
<DocumentFragment>
  <div>
    <div
      class="flex-row"
    >
      <img
        src="2.jpg"
      />
      <img
        src="3.jpg"
      />
    </div>
  </div>
</DocumentFragment>
`;
